// Jest Snapshot v1, https://goo.gl/fbAQLP

exports[`Chatbox component matches the snapshot 1`] = `null`;
