// Jest Snapshot v1, https://goo.gl/fbAQLP

exports[`Component matches the snapshot 1`] = `
Array [
  "Hello ",
  "world",
  "!",
]
`;
